------------------------------------------------------------
TimeQuest Timing Analyzer Summary
------------------------------------------------------------

Type  : Slow 1200mV 85C Model Setup 'Period_mS'
Slack : -2.851
TNS   : -55.187

Type  : Slow 1200mV 85C Model Setup 'Period_uS'
Slack : -2.577
TNS   : -24.450

Type  : Slow 1200mV 85C Model Setup 'Clock'
Slack : -2.035
TNS   : -10.958

Type  : Slow 1200mV 85C Model Hold 'Clock'
Slack : 0.116
TNS   : 0.000

Type  : Slow 1200mV 85C Model Hold 'Period_mS'
Slack : 0.437
TNS   : 0.000

Type  : Slow 1200mV 85C Model Hold 'Period_uS'
Slack : 1.140
TNS   : 0.000

Type  : Slow 1200mV 85C Model Minimum Pulse Width 'Clock'
Slack : -3.000
TNS   : -13.409

Type  : Slow 1200mV 85C Model Minimum Pulse Width 'Period_mS'
Slack : -1.487
TNS   : -40.149

Type  : Slow 1200mV 85C Model Minimum Pulse Width 'Period_uS'
Slack : -1.487
TNS   : -16.357

Type  : Slow 1200mV 0C Model Setup 'Period_mS'
Slack : -2.628
TNS   : -47.167

Type  : Slow 1200mV 0C Model Setup 'Period_uS'
Slack : -2.290
TNS   : -21.947

Type  : Slow 1200mV 0C Model Setup 'Clock'
Slack : -1.784
TNS   : -9.379

Type  : Slow 1200mV 0C Model Hold 'Clock'
Slack : 0.185
TNS   : 0.000

Type  : Slow 1200mV 0C Model Hold 'Period_mS'
Slack : 0.385
TNS   : 0.000

Type  : Slow 1200mV 0C Model Hold 'Period_uS'
Slack : 1.053
TNS   : 0.000

Type  : Slow 1200mV 0C Model Minimum Pulse Width 'Clock'
Slack : -3.000
TNS   : -13.409

Type  : Slow 1200mV 0C Model Minimum Pulse Width 'Period_mS'
Slack : -1.487
TNS   : -40.149

Type  : Slow 1200mV 0C Model Minimum Pulse Width 'Period_uS'
Slack : -1.487
TNS   : -16.357

Type  : Fast 1200mV 0C Model Setup 'Period_mS'
Slack : -0.634
TNS   : -9.072

Type  : Fast 1200mV 0C Model Setup 'Period_uS'
Slack : -0.513
TNS   : -4.236

Type  : Fast 1200mV 0C Model Setup 'Clock'
Slack : -0.301
TNS   : -0.818

Type  : Fast 1200mV 0C Model Hold 'Clock'
Slack : -0.112
TNS   : -0.112

Type  : Fast 1200mV 0C Model Hold 'Period_mS'
Slack : 0.180
TNS   : 0.000

Type  : Fast 1200mV 0C Model Hold 'Period_uS'
Slack : 0.447
TNS   : 0.000

Type  : Fast 1200mV 0C Model Minimum Pulse Width 'Clock'
Slack : -3.000
TNS   : -10.392

Type  : Fast 1200mV 0C Model Minimum Pulse Width 'Period_mS'
Slack : -1.000
TNS   : -27.000

Type  : Fast 1200mV 0C Model Minimum Pulse Width 'Period_uS'
Slack : -1.000
TNS   : -11.000

------------------------------------------------------------
