------------------------------------------------------------
TimeQuest Timing Analyzer Summary
------------------------------------------------------------

Type  : Slow 1200mV 85C Model Setup 'Period_mS'
Slack : -2.870
TNS   : -57.823

Type  : Slow 1200mV 85C Model Setup 'Period_uS'
Slack : -2.577
TNS   : -24.450

Type  : Slow 1200mV 85C Model Setup 'Clock'
Slack : -2.036
TNS   : -11.012

Type  : Slow 1200mV 85C Model Hold 'Clock'
Slack : 0.098
TNS   : 0.000

Type  : Slow 1200mV 85C Model Hold 'Period_mS'
Slack : 0.436
TNS   : 0.000

Type  : Slow 1200mV 85C Model Hold 'Period_uS'
Slack : 1.140
TNS   : 0.000

Type  : Slow 1200mV 85C Model Minimum Pulse Width 'Clock'
Slack : -3.000
TNS   : -13.409

Type  : Slow 1200mV 85C Model Minimum Pulse Width 'Period_mS'
Slack : -1.487
TNS   : -40.149

Type  : Slow 1200mV 85C Model Minimum Pulse Width 'Period_uS'
Slack : -1.487
TNS   : -16.357

Type  : Slow 1200mV 0C Model Setup 'Period_mS'
Slack : -2.511
TNS   : -49.828

Type  : Slow 1200mV 0C Model Setup 'Period_uS'
Slack : -2.290
TNS   : -21.947

Type  : Slow 1200mV 0C Model Setup 'Clock'
Slack : -1.783
TNS   : -9.430

Type  : Slow 1200mV 0C Model Hold 'Clock'
Slack : 0.186
TNS   : 0.000

Type  : Slow 1200mV 0C Model Hold 'Period_mS'
Slack : 0.386
TNS   : 0.000

Type  : Slow 1200mV 0C Model Hold 'Period_uS'
Slack : 1.053
TNS   : 0.000

Type  : Slow 1200mV 0C Model Minimum Pulse Width 'Clock'
Slack : -3.000
TNS   : -13.409

Type  : Slow 1200mV 0C Model Minimum Pulse Width 'Period_mS'
Slack : -1.487
TNS   : -40.149

Type  : Slow 1200mV 0C Model Minimum Pulse Width 'Period_uS'
Slack : -1.487
TNS   : -16.357

Type  : Fast 1200mV 0C Model Setup 'Period_mS'
Slack : -0.709
TNS   : -10.187

Type  : Fast 1200mV 0C Model Setup 'Period_uS'
Slack : -0.513
TNS   : -4.236

Type  : Fast 1200mV 0C Model Setup 'Clock'
Slack : -0.300
TNS   : -0.807

Type  : Fast 1200mV 0C Model Hold 'Clock'
Slack : -0.145
TNS   : -0.145

Type  : Fast 1200mV 0C Model Hold 'Period_mS'
Slack : 0.180
TNS   : 0.000

Type  : Fast 1200mV 0C Model Hold 'Period_uS'
Slack : 0.447
TNS   : 0.000

Type  : Fast 1200mV 0C Model Minimum Pulse Width 'Clock'
Slack : -3.000
TNS   : -10.392

Type  : Fast 1200mV 0C Model Minimum Pulse Width 'Period_mS'
Slack : -1.000
TNS   : -27.000

Type  : Fast 1200mV 0C Model Minimum Pulse Width 'Period_uS'
Slack : -1.000
TNS   : -11.000

------------------------------------------------------------
